[backblue.gif]
[fade.gif]
[index.html]
[ucbsf.herokuapp.com/javascripts/jquerydf60.js]
[ucbsf.herokuapp.com/javascripts/jflickrfeeddf60.js]
[ucbsf.herokuapp.com/javascripts/jquery_002df60.js]
[ucbsf.herokuapp.com/javascripts/jquery_003df60.js]
[ucbsf.herokuapp.com/javascripts/jquery_004df60.js]
[ucbsf.herokuapp.com/javascripts/jquery_ujsdf60.js]
[ucbsf.herokuapp.com/javascripts/l10ndf60.js]
[ucbsf.herokuapp.com/javascripts/superfishdf60.js]
[ucbsf.herokuapp.com/javascripts/supersubsdf60.js]
[ucbsf.herokuapp.com/javascripts/theme_trustdf60.js]
[ucbsf.herokuapp.com/javascripts/applicationdf60.js]
[ucbsf.herokuapp.com/images/ucbgsf.png]
[ucbsf.herokuapp.com/images/startupfairwebpic.jpg]
[ucbsf.herokuapp.com/images/campanile_shadow.png]
[ucbsf.herokuapp.com/images/eventbrite.png]
[ucbsf.herokuapp.com/index.html]
[ucbsf.herokuapp.com/about.html]
[ucbsf.herokuapp.com/attendees.html]
[ucbsf.herokuapp.com/images/eb_press_big.gif]
[ucbsf.herokuapp.com/register.html]
[ucbsf.herokuapp.com/organizers.html]
[ucbsf.herokuapp.com/attendees/previous.html]
[ucbsf.herokuapp.com/company/login.html]
[ucbsf.herokuapp.com/student/register.html]
[ucbsf.herokuapp.com/stylesheets/applicationdf60.css]
[ucbsf.herokuapp.com/stylesheets/cssdf60.css]
[ucbsf.herokuapp.com/stylesheets/homedf60.css]
[ucbsf.herokuapp.com/javascripts/jquerydf60.js]
[ucbsf.herokuapp.com/images/startupfairwebpic.jpg]
[ucbsf.herokuapp.com/images/sapling.png]
[ucbsf.herokuapp.com/images/bear.png]
[ucbsf.herokuapp.com/stylesheets/page_layoutsdf60.css]
[ucbsf.herokuapp.com/stylesheets/prettyPhotodf60.css]
[ucbsf.herokuapp.com/images/icon_facebook.png]
[ucbsf.herokuapp.com/images/project_nav_arrows.png]
[ucbsf.herokuapp.com/images/grid_icon.png]
[ucbsf.herokuapp.com/images/project_nav_arrows.png]
[ucbsf.herokuapp.com/stylesheets/styledf60.css]
[ucbsf.herokuapp.com/stylesheets/superfishdf60.css]
[ucbsf.herokuapp.com/images/prettyPhoto/default/sprite.html]
[ucbsf.herokuapp.com/images/prettyPhoto/default/sprite_x.html]
[ucbsf.herokuapp.com/images/prettyPhoto/default/sprite_y.html]
[ucbsf.herokuapp.com/images/prettyPhoto/default/sprite_next.html]
[ucbsf.herokuapp.com/images/prettyPhoto/default/sprite_prev.html]
[ucbsf.herokuapp.com/images/prettyPhoto/default/default_thumb.html]
[ucbsf.herokuapp.com/images/prettyPhoto/default/loader.html]
[ucbsf.herokuapp.com/images/prettyPhoto/light_rounded/sprite.html]
[ucbsf.herokuapp.com/images/prettyPhoto/light_rounded/btnNext.html]
[ucbsf.herokuapp.com/images/prettyPhoto/light_rounded/btnPrevious.html]
[ucbsf.herokuapp.com/images/prettyPhoto/dark_rounded/sprite.html]
[ucbsf.herokuapp.com/images/prettyPhoto/dark_rounded/contentPattern.html]
[ucbsf.herokuapp.com/images/prettyPhoto/dark_rounded/btnNext.html]
[ucbsf.herokuapp.com/images/prettyPhoto/dark_rounded/btnPrevious.html]
[ucbsf.herokuapp.com/images/prettyPhoto/dark_rounded/loader.html]
[ucbsf.herokuapp.com/images/prettyPhoto/dark_square/loader.html]
[ucbsf.herokuapp.com/images/prettyPhoto/dark_square/sprite.html]
[ucbsf.herokuapp.com/images/prettyPhoto/dark_square/btnNext.html]
[ucbsf.herokuapp.com/images/prettyPhoto/dark_square/btnPrevious.html]
[ucbsf.herokuapp.com/images/prettyPhoto/light_square/sprite.html]
[ucbsf.herokuapp.com/images/prettyPhoto/light_square/btnNext.html]
[ucbsf.herokuapp.com/images/prettyPhoto/light_square/btnPrevious.html]
[ucbsf.herokuapp.com/images/prettyPhoto/facebook/sprite.html]
[ucbsf.herokuapp.com/images/prettyPhoto/facebook/contentPatternTop.html]
[ucbsf.herokuapp.com/images/prettyPhoto/facebook/contentPatternLeft.html]
[ucbsf.herokuapp.com/images/prettyPhoto/facebook/contentPatternRight.html]
[ucbsf.herokuapp.com/images/prettyPhoto/facebook/loader.html]
[ucbsf.herokuapp.com/images/prettyPhoto/facebook/btnNext.html]
[ucbsf.herokuapp.com/images/prettyPhoto/facebook/btnPrevious.html]
[ucbsf.herokuapp.com/images/prettyPhoto/facebook/contentPatternBottom.html]
[ucbsf.herokuapp.com/images/prettyPhoto/facebook/default_thumbnail.html]
[ucbsf.herokuapp.com/images/prettyPhoto/light_rounded/loader.html]
[ucbsf.herokuapp.com/stylesheets/images/field_bkg.html]
[ucbsf.herokuapp.com/images/icon_dribbble.html]
[ucbsf.herokuapp.com/images/icon_rss.html]
[ucbsf.herokuapp.com/images/black_alpha_50.html]
[ucbsf.herokuapp.com/images/lightbox_icon.html]
[ucbsf.herokuapp.com/images/slideshow_bullets.html]
[ucbsf.herokuapp.com/stylesheets/images/btn_bkg.html]
[ucbsf.herokuapp.com/images/comment_marker.html]
